  skipped P0043: no-space at uprez
  skipped P0569: no-space at uprez
  skipped P0576: no-space at uprez
generating 614 blob scenes  (285 isometric-first, 298 plan-first, 31 authored-layout-first), 12 workers
  [1/614] P0004  RPG :: none  (p6, 57.5s)
  [2/614] P0009  Action :: none  (p6, 95.3s)
  [3/614] P0007  RPG :: none  (p6, 99.6s)
  [4/614] P0012  Party & Casual :: none  (std, 107.0s)
  [5/614] P0006  RPG :: none  (p6, 112.4s)
  [6/614] P0010  Simulation :: none  (p6, 114.5s)
  [7/614] P0003  RPG :: none  (p6, 114.9s)
  [8/614] P0008  Simulation :: none  (p6, 117.8s)
  [9/614] P0002  RPG :: none  (p6, 120.8s)
  [10/614] P0011  RPG :: none  (p6, 124.4s)
  [11/614] P0013  RPG :: none  (p6, 127.3s)
  [12/614] P0014  Adventure :: none  (std, 77.9s)
  [13/614] P0022  Roleplay & Avatar Sim :: none  (std, 46.5s)
  [14/614] P0023  Adventure :: none  (std, 50.9s)
  [15/614] P0015  RPG :: none  (p6, 90.3s)
  [16/614] P0018  Shooter :: none  (p6, 101.1s)
  [17/614] P0017  RPG :: none  (p6, 116.4s)
  [18/614] P0016  RPG :: none  (p6, 126.5s)
  [19/614] P0025  Entertainment (Showcase & Hub) :: none  (std, 94.5s)
  [20/614] P0020  RPG :: none  (p6, 115.8s)
  [21/614] P0021  RPG :: none  (std, 114.6s)
  [22/614] P0024  Roleplay & Avatar Sim :: none  (std, 105.8s)
  [23/614] P0019  RPG :: none  (p6, 118.6s)
  [24/614] P0026  Roleplay & Avatar Sim :: none  (std, 86.6s)
  [25/614] P0005  RPG :: none  (p6, 258.2s)
  [26/614] P0028  Roleplay & Avatar Sim :: none  (std, 85.8s)
  [27/614] P0027  Simulation :: none  (std, 110.1s)
  [28/614] P0033  Roleplay & Avatar Sim :: none  (std, 62.5s)
  [29/614] P0029  Roleplay & Avatar Sim :: none  (std, 81.7s)
  [30/614] P0031  Roleplay & Avatar Sim :: none  (std, 79.1s)
  [31/614] P0035  Roleplay & Avatar Sim :: none  (p6, 86.7s)
  [32/614] P0039  Roleplay & Avatar Sim :: none  (std, 50.2s)
  [33/614] P0034  Survival :: none  (p6, 96.7s)
  [34/614] P0037  Roleplay & Avatar Sim :: none  (std, 79.6s)
  [35/614] P0030  Roleplay & Avatar Sim :: none  (std, 115.5s)
  [36/614] P0038  RPG :: none  (std, 86.0s)
  [37/614] P0036  Survival :: none  (std, 113.4s)
  [38/614] P0032  Roleplay & Avatar Sim :: none  (p6, 119.3s)
  [39/614] P0044  Shooter :: none  (std, 64.7s)
  [40/614] P0048  Action :: none  (std, 41.6s)
  [41/614] P0040  Adventure :: none  (p6, 93.3s)
  [42/614] P0041  Roleplay & Avatar Sim :: none  (std, 91.1s)
  [43/614] P0047  Shooter :: none  (std, 57.7s)
  [44/614] P0042  Simulation :: none  (std, 94.3s)
  [45/614] P0050  Action :: none  (std, 54.2s)
  [46/614] P0051  Simulation :: none  (p6, 56.5s)
  [47/614] P0045  Shooter :: Battle Royale  (std, 87.3s)
  [48/614] P0049  Action :: Sword Fighting  (std, 75.2s)
  [49/614] P0046  Action :: none  (p6, 103.4s)
  [50/614] P0054  Action :: none  (std, 56.4s)
  [51/614] P0053  Action :: none  (std, 62.1s)
  [52/614] P0057  Action :: none  (std, 64.9s)
  [53/614] P0060  Action :: none  (std, 53.8s)
  [54/614] P0058  Simulation :: none  (std, 76.2s)
  [55/614] P0055  Shooter :: none  (std, 89.2s)
  [56/614] P0052  Survival :: none  (p6, 119.7s)
  [57/614] P0056  Survival :: none  (p6, 85.4s)
  [58/614] P0064  Action :: none  (std, 50.8s)
  [59/614] P0059  Action :: none  (std, 87.4s)
  [60/614] P0063  Action :: none  (std, 65.6s)
  [61/614] P0062  Action :: none  (std, 92.3s)
  [62/614] P0065  Action :: none  (std, 78.3s)
  [63/614] P0071  Strategy :: none  (std, 50.2s)
  [64/614] P0069  Strategy :: none  (std, 55.0s)
  [65/614] P0061  Simulation :: none  (p6, 119.2s)
  [66/614] P0068  Strategy :: none  (std, 76.4s)
  [67/614] P0073  Puzzle :: none  (p6, 63.0s)
  [68/614] P0070  Strategy :: none  (std, 88.8s)
  [69/614] P0066  RPG :: none  (p6, 115.5s)
  [70/614] P0067  Action :: none  (p6, 111.1s)
  [71/614] P0074  Party & Casual :: none  (std, 84.8s)
  [72/614] P0078  Party & Casual :: none  (p6, 58.3s)
  [73/614] P0076  Party & Casual :: none  (std, 80.3s)
  [74/614] P0072  Strategy :: none  (p6, 109.7s)
  [75/614] P0075  Party & Casual :: none  (std, 88.7s)
  [76/614] P0077  Party & Casual :: none  (std, 80.8s)
  [77/614] P0079  Party & Casual :: none  (p6, 79.6s)
  [78/614] P0080  Party & Casual :: none  (std, 89.2s)
  [79/614] P0087  Obby & Platformer :: none  (p6, 52.4s)
  [80/614] P0081  Party & Casual :: Childhood Game  (std, 102.7s)
  [81/614] P0091  Obby & Platformer :: none  (p6, 58.1s)
  [82/614] P0083  Party & Casual :: none  (std, 108.5s)
  [83/614] P0084  Party & Casual :: none  (p6, 114.1s)
  [84/614] P0085  Party & Casual :: none  (std, 112.3s)
  [85/614] P0088  Obby & Platformer :: none  (p6, 104.9s)
  [86/614] P0089  Obby & Platformer :: none  (p6, 104.1s)
  [87/614] P0086  Adventure :: none  (p6, 121.7s)
  [88/614] P0090  Obby & Platformer :: none  (p6, 111.0s)
  [89/614] P0093  Obby & Platformer :: none  (p6, 83.0s)
  [90/614] P0092  Obby & Platformer :: none  (p6, 95.1s)
  [91/614] P0096  Obby & Platformer :: none  (p6, 77.6s)
  [92/614] P0095  Obby & Platformer :: none  (p6, 92.8s)
  [93/614] P0094  Obby & Platformer :: none  (p6, 108.6s)
  [94/614] P0082  Party & Casual :: none  (std, 213.2s)
  [95/614] P0099  Obby & Platformer :: none  (p6, 85.6s)
  [96/614] P0098  Obby & Platformer :: none  (p6, 109.5s)
  [97/614] P0102  Obby & Platformer :: none  (p6, 86.9s)
  [98/614] P0103  Obby & Platformer :: none  (p6, 76.9s)
