  skipped P0043: no-space at uprez
  skipped P0569: no-space at uprez
  skipped P0576: no-space at uprez
generating 614 blob scenes  (285 isometric-first, 298 plan-first, 31 authored-layout-first), 12 workers
  [1/614] P0004  RPG :: none  (p6, 68.1s)
  [2/614] P0007  RPG :: none  (p6, 100.8s)
  [3/614] P0011  RPG :: none  (p6, 105.4s)
  [4/614] P0012  Party & Casual :: none  (std, 107.0s)
  [5/614] P0006  RPG :: none  (p6, 109.0s)
  [6/614] P0010  Simulation :: none  (p6, 113.2s)
  [7/614] P0009  Action :: none  (p6, 113.4s)
  [8/614] P0002  RPG :: none  (p6, 114.2s)
  [9/614] P0003  RPG :: none  (p6, 114.2s)
  [10/614] P0013  RPG :: none  (p6, 116.7s)
  [11/614] P0008  Simulation :: none  (p6, 117.1s)
  [12/614] P0014  Adventure :: none  (std, 74.0s)
  [13/614] P0022  Roleplay & Avatar Sim :: none  (std, 45.3s)
  [14/614] P0023  Adventure :: none  (std, 57.3s)
  [15/614] P0015  RPG :: none  (p6, 91.0s)
  [16/614] P0024  Roleplay & Avatar Sim :: none  (std, 78.9s)
  [17/614] P0018  Shooter :: none  (p6, 90.8s)
  [18/614] P0020  RPG :: none  (p6, 93.1s)
  [19/614] P0021  RPG :: none  (std, 104.3s)
  [20/614] P0017  RPG :: none  (p6, 115.7s)
  [21/614] P0016  RPG :: none  (p6, 123.9s)
  [22/614] P0005  RPG :: none  (p6, 231.6s)
  [23/614] P0025  Entertainment (Showcase & Hub) :: none  (std, 89.5s)
  [24/614] P0019  RPG :: none  (p6, 122.9s)
  [25/614] P0026  Roleplay & Avatar Sim :: none  (std, 77.1s)
  [26/614] P0029  Roleplay & Avatar Sim :: none  (std, 61.5s)
  [27/614] P0028  Roleplay & Avatar Sim :: none  (std, 67.3s)
  [28/614] P0027  Simulation :: none  (std, 90.7s)
  [29/614] P0031  Roleplay & Avatar Sim :: none  (std, 74.7s)
  [30/614] P0033  Roleplay & Avatar Sim :: none  (std, 62.4s)
  [31/614] P0030  Roleplay & Avatar Sim :: none  (std, 88.2s)
  [32/614] P0037  Roleplay & Avatar Sim :: none  (std, 58.3s)
  [33/614] P0034  Survival :: none  (p6, 87.5s)
  [34/614] P0039  Roleplay & Avatar Sim :: none  (std, 61.4s)
  [35/614] P0038  RPG :: none  (std, 94.2s)
  [36/614] P0035  Roleplay & Avatar Sim :: none  (p6, 100.6s)
  [37/614] P0032  Roleplay & Avatar Sim :: none  (p6, 114.2s)
  [38/614] P0041  Roleplay & Avatar Sim :: none  (std, 71.9s)
  [39/614] P0036  Survival :: none  (std, 115.1s)
  [40/614] P0040  Adventure :: none  (p6, 90.8s)
  [41/614] P0044  Shooter :: none  (std, 68.7s)
  [42/614] P0048  Action :: none  (std, 40.0s)
  [43/614] P0042  Simulation :: none  (std, 83.1s)
  [44/614] P0050  Action :: none  (std, 50.9s)
  [45/614] P0045  Shooter :: Battle Royale  (std, 100.2s)
  [46/614] P0046  Action :: none  (p6, 95.3s)
  [47/614] P0053  Action :: none  (std, 47.9s)
  [48/614] P0047  Shooter :: none  (std, 85.8s)
  [49/614] P0049  Action :: Sword Fighting  (std, 72.1s)
  [50/614] P0054  Action :: none  (std, 63.3s)
  [51/614] P0052  Survival :: none  (p6, 79.3s)
  [52/614] P0057  Action :: none  (std, 64.7s)
  [53/614] P0058  Simulation :: none  (std, 49.3s)
  [54/614] P0051  Simulation :: none  (p6, 106.2s)
  [55/614] P0055  Shooter :: none  (std, 87.5s)
  [56/614] P0060  Action :: none  (std, 51.6s)
  [57/614] P0063  Action :: none  (std, 50.5s)
  [58/614] P0056  Survival :: none  (p6, 101.7s)
  [59/614] P0064  Action :: none  (std, 61.9s)
  [60/614] P0062  Action :: none  (std, 85.1s)
  [61/614] P0069  Strategy :: none  (std, 53.8s)
  [62/614] P0059  Action :: none  (std, 112.1s)
  [63/614] P0070  Strategy :: none  (std, 59.7s)
  [64/614] P0065  Action :: none  (std, 86.3s)
  [65/614] P0068  Strategy :: none  (std, 72.9s)
  [66/614] P0071  Strategy :: none  (std, 61.2s)
  [67/614] P0074  Party & Casual :: none  (std, 46.3s)
  [68/614] P0066  RPG :: none  (p6, 105.6s)
  [69/614] P0067  Action :: none  (p6, 113.4s)
  [70/614] P0061  Simulation :: none  (p6, 157.3s)
  [71/614] P0073  Puzzle :: none  (p6, 80.8s)
  [72/614] P0077  Party & Casual :: none  (std, 55.7s)
  [73/614] P0076  Party & Casual :: none  (std, 58.2s)
  [74/614] P0080  Party & Casual :: none  (std, 56.5s)
  [75/614] P0072  Strategy :: none  (p6, 112.4s)
  [76/614] P0078  Party & Casual :: none  (p6, 71.9s)
  [77/614] P0075  Party & Casual :: none  (std, 87.2s)
  [78/614] P0079  Party & Casual :: none  (p6, 73.5s)
  [79/614] P0087  Obby & Platformer :: none  (p6, 42.4s)
  [80/614] P0088  Obby & Platformer :: none  (p6, 52.6s)
  [81/614] P0081  Party & Casual :: Childhood Game  (std, 91.6s)
  [82/614] P0089  Obby & Platformer :: none  (p6, 55.1s)
  [83/614] P0082  Party & Casual :: none  (std, 100.4s)
  [84/614] P0091  Obby & Platformer :: none  (p6, 54.0s)
  [85/614] P0084  Party & Casual :: none  (p6, 86.1s)
  [86/614] P0099  Obby & Platformer :: none  (p6, 0.0s)
  [87/614] P0083  Party & Casual :: none  (std, 96.9s)
  [88/614] P0085  Party & Casual :: none  (std, 111.8s)
  [89/614] P0086  Adventure :: none  (p6, 120.5s)
  [90/614] P0093  Obby & Platformer :: none  (p6, 76.7s)
  [91/614] P0090  Obby & Platformer :: none  (p6, 118.0s)
  [92/614] P0092  Obby & Platformer :: none  (p6, 112.6s)
  [93/614] P0096  Obby & Platformer :: none  (p6, 79.2s)
  [94/614] P0095  Obby & Platformer :: none  (p6, 82.4s)
  [95/614] P0094  Obby & Platformer :: none  (p6, 103.7s)
  [96/614] P0101  Simulation :: none  (p6, 94.6s)
  [97/614] P0098  Obby & Platformer :: none  (p6, 107.3s)
  [98/614] P0100  Obby & Platformer :: none  (p6, 106.4s)
  [99/614] P0097  Obby & Platformer :: none  (p6, 113.8s)
  [100/614] P0102  Obby & Platformer :: none  (p6, 91.1s)
  [101/614] P0104  Obby & Platformer :: none  (p6, 86.5s)
  [102/614] P0103  Obby & Platformer :: none  (p6, 94.4s)
  [103/614] P0110  Shooter :: none  (p6, 81.5s)
  [104/614] P0105  Obby & Platformer :: none  (p6, 101.1s)
  [105/614] P0109  Shooter :: none  (std, 88.9s)
  [106/614] P0114  Shooter :: none  (std, 64.8s)
  [107/614] P0107  Shooter :: none  (std, 115.2s)
  [108/614] P0111  Shooter :: none  (p6, 92.8s)
  [109/614] P0115  Shooter :: none  (p6, 84.2s)
  [110/614] P0112  Shooter :: none  (std, 98.0s)
  [111/614] P0119  Shooter :: none  (p6, 48.5s)
  [112/614] P0113  Shooter :: none  (p6, 96.5s)
  [113/614] P0116  Shooter :: none  (p6, 86.4s)
  [114/614] P0117  Shooter :: none  (p6, 88.4s)
  [115/614] P0118  Shooter :: none  (p6, 103.8s)
  [116/614] P0121  Shooter :: none  (p6, 85.2s)
  [117/614] P0125  Shooter :: none  (std, 49.8s)
  [118/614] P0124  Shooter :: none  (std, 63.9s)
  [119/614] P0120  Shooter :: none  (std, 105.8s)
  [120/614] P0126  Roleplay & Avatar Sim :: none  (std, 68.5s)
  [121/614] P0122  Shooter :: none  (p6, 112.6s)
  [122/614] P0123  Shooter :: none  (p6, 113.0s)
  [123/614] P0128  Roleplay & Avatar Sim :: none  (std, 88.5s)
  [124/614] P0130  Roleplay & Avatar Sim :: none  (std, 83.7s)
  [125/614] P0127  Roleplay & Avatar Sim :: none  (std, 111.9s)
  [126/614] P0129  Roleplay & Avatar Sim :: none  (std, 108.7s)
  [127/614] P0131  Roleplay & Avatar Sim :: none  (std, 81.4s)
  [128/614] P0132  Roleplay & Avatar Sim :: none  (std, 83.4s)
  [129/614] P0134  Roleplay & Avatar Sim :: none  (std, 87.2s)
  [130/614] P0133  Roleplay & Avatar Sim :: none  (std, 90.8s)
  [131/614] P0137  Roleplay & Avatar Sim :: none  (std, 61.6s)
  [132/614] P0135  Entertainment (Showcase & Hub) :: none  (std, 85.1s)
  [133/614] P0139  Roleplay & Avatar Sim :: none  (std, 59.8s)
  [134/614] P0136  Roleplay & Avatar Sim :: none  (std, 106.5s)
  [135/614] P0138  Roleplay & Avatar Sim :: none  (std, 88.8s)
  [136/614] P0140  Roleplay & Avatar Sim :: none  (std, 107.8s)
  [137/614] P0149  Survival :: none  (p6, 56.7s)
  [138/614] P0143  Roleplay & Avatar Sim :: none  (std, 90.2s)
  [139/614] P0148  Survival :: none  (p6, 73.6s)
  [140/614] P0142  Roleplay & Avatar Sim :: none  (std, 104.1s)
  [141/614] P0146  Survival :: none  (p6, 88.0s)
  [142/614] P0147  Survival :: none  (p6, 82.0s)
  [143/614] P0141  Roleplay & Avatar Sim :: none  (std, 115.6s)
  [144/614] P0144  Roleplay & Avatar Sim :: none  (std, 106.5s)
  [145/614] P0145  Roleplay & Avatar Sim :: none  (std, 106.6s)
  [146/614] P0151  Survival :: none  (p6, 79.1s)
  [147/614] P0154  Survival :: none  (p6, 56.0s)
  [148/614] P0150  Adventure :: none  (p6, 117.9s)
  [149/614] P0152  Survival :: none  (std, 85.8s)
  [150/614] P0153  Survival :: none  (p6, 94.1s)
  [151/614] P0160  Puzzle :: none  (layout, 68.0s)
  [152/614] P0158  Survival :: none  (p6, 82.6s)
  [153/614] P0163  Survival :: none  (p6, 47.8s)
  [154/614] P0157  Survival :: none  (p6, 96.3s)
  [155/614] P0156  Survival :: none  (p6, 103.1s)
  [156/614] P0162  Survival :: none  (p6, 77.0s)
  [157/614] P0155  Survival :: none  (p6, 114.8s)
  [158/614] P0159  Survival :: none  (p6, 109.9s)
  [159/614] P0161  Party & Casual :: none  (p6, 109.5s)
  [160/614] P0169  Puzzle :: none  (layout, 47.7s)
  [161/614] P0167  Puzzle :: none  (layout, 73.1s)
  [162/614] P0164  Survival :: none  (p6, 90.4s)
  [163/614] P0166  Puzzle :: none  (p6, 83.1s)
  [164/614] P0168  Puzzle :: none  (p6, 76.4s)
  [165/614] P0175  Puzzle :: none  (std, 43.1s)
  [166/614] P0165  Adventure :: none  (p6, 102.3s)
  [167/614] P0170  Obby & Platformer :: none  (p6, 80.1s)
  [168/614] P0171  Puzzle :: none  (p6, 78.8s)
  [169/614] P0173  Puzzle :: none  (layout, 70.3s)
  [170/614] P0174  Survival :: none  (p6, 80.9s)
  [171/614] P0172  Survival :: none  (p6, 101.7s)
  [172/614] P0176  Puzzle :: none  (p6, 76.5s)
  [173/614] P0180  Puzzle :: none  (std, 59.4s)
  [174/614] P0184  Obby & Platformer :: none  (p6, 71.5s)
  [175/614] P0181  Puzzle :: none  (std, 83.2s)
  [176/614] P0183  Puzzle :: none  (p6, 76.2s)
  [177/614] P0178  Puzzle :: none  (p6, 97.5s)
  [178/614] P0177  Obby & Platformer :: none  (p6, 111.3s)
  [179/614] P0185  Puzzle :: none  (p6, 84.6s)
  [180/614] P0179  Puzzle :: none  (p6, 106.1s)
  [181/614] P0182  Puzzle :: none  (p6, 102.3s)
  [182/614] P0189  Adventure :: none  (std, 59.4s)
  [183/614] P0187  Adventure :: none  (p6, 83.8s)
  [184/614] P0186  Adventure :: none  (p6, 112.2s)
  [185/614] P0191  Adventure :: none  (p6, 65.4s)
  [186/614] P0192  Adventure :: none  (p6, 69.0s)
  [187/614] P0190  Adventure :: Scavenger Hunt  (std, 75.0s)
  [188/614] P0198  Adventure :: none  (std, 45.6s)
  [189/614] P0188  Adventure :: none  (std, 114.6s)
  [190/614] P0193  Adventure :: none  (p6, 114.7s)
  [191/614] P0195  Adventure :: none  (p6, 105.3s)
  [192/614] P0205  Survival :: none  (std, 47.1s)
  [193/614] P0203  Adventure :: none  (p6, 52.7s)
  [194/614] P0197  Adventure :: none  (p6, 109.0s)
  [195/614] P0202  Adventure :: none  (p6, 60.4s)
  [196/614] P0204  Adventure :: none  (std, 55.9s)
  [197/614] P0194  Adventure :: none  (std, 123.5s)
  [198/614] P0196  Adventure :: none  (p6, 122.8s)
  [199/614] P0199  Adventure :: none  (p6, 100.1s)
  [200/614] P0208  Simulation :: none  (std, 41.0s)
  [201/614] P0200  Adventure :: none  (p6, 112.7s)
  [202/614] P0206  Simulation :: none  (std, 51.9s)
  [203/614] P0201  Adventure :: none  (p6, 108.5s)
  [204/614] P0211  Simulation :: none  (std, 53.0s)
  [205/614] P0210  Simulation :: none  (std, 54.2s)
  [206/614] P0215  Simulation :: none  (std, 43.7s)
  [207/614] P0207  Simulation :: none  (std, 89.1s)
  [208/614] P0214  Simulation :: none  (std, 78.1s)
  [209/614] P0209  Simulation :: none  (std, 92.0s)
  [210/614] P0212  Simulation :: none  (std, 89.5s)
  [211/614] P0213  Simulation :: none  (std, 110.1s)
  [212/614] P0217  Simulation :: none  (p6, 91.7s)
  [213/614] P0216  Roleplay & Avatar Sim :: none  (std, 107.3s)
  [214/614] P0225  Roleplay & Avatar Sim :: none  (std, 55.1s)
  [215/614] P0218  Shooter :: none  (p6, 104.5s)
  [216/614] P0219  Roleplay & Avatar Sim :: none  (p6, 109.0s)
  [217/614] P0222  Roleplay & Avatar Sim :: none  (std, 107.8s)
  [218/614] P0220  Roleplay & Avatar Sim :: none  (std, 112.4s)
  [219/614] P0221  Roleplay & Avatar Sim :: none  (p6, 112.2s)
  [220/614] P0226  Roleplay & Avatar Sim :: none  (std, 76.9s)
  [221/614] P0223  Roleplay & Avatar Sim :: none  (p6, 98.4s)
  [222/614] P0224  Survival :: none  (p6, 105.8s)
  [223/614] P0237  Sports :: none  (std, 50.8s)
  [224/614] P0227  Roleplay & Avatar Sim :: none  (p6, 116.0s)
  [225/614] P0228  Roleplay & Avatar Sim :: none  (std, 111.6s)
  [226/614] P0230  Roleplay & Avatar Sim :: none  (p6, 102.0s)
  [227/614] P0229  Roleplay & Avatar Sim :: none  (std, 111.7s)
  [228/614] P0231  Roleplay & Avatar Sim :: none  (std, 110.3s)
  [229/614] P0232  Roleplay & Avatar Sim :: none  (std, 100.8s)
  [230/614] P0233  Simulation :: none  (std, 93.3s)
  [231/614] P0240  Party & Casual :: none  (std, 58.2s)
  [232/614] P0234  Roleplay & Avatar Sim :: none  (std, 111.0s)
  [233/614] P0235  Roleplay & Avatar Sim :: none  (std, 115.4s)
  [234/614] P0238  Shooter :: none  (p6, 107.3s)
  [235/614] P0239  Sports :: none  (p6, 93.8s)
  [236/614] P0243  Action :: none  (std, 58.5s)
  [237/614] P0242  Party & Casual :: none  (std, 68.8s)
  [238/614] P0250  Simulation :: none  (std, 30.8s)
  [239/614] P0244  Party & Casual :: none  (std, 61.3s)
  [240/614] P0247  Party & Casual :: none  (std, 59.5s)
  [241/614] P0252  Party & Casual :: none  (std, 35.9s)
  [242/614] P0248  Party & Casual :: none  (std, 48.7s)
  [243/614] P0251  Party & Casual :: none  (std, 43.4s)
  [244/614] P0241  Party & Casual :: none  (p6, 108.9s)
  [245/614] P0245  Party & Casual :: none  (std, 90.2s)
  [246/614] P0249  Party & Casual :: none  (std, 80.8s)
  [247/614] P0246  Simulation :: none  (std, 109.8s)
  [248/614] P0255  Party & Casual :: none  (std, 57.1s)
  [249/614] P0258  Entertainment (Showcase & Hub) :: none  (std, 53.6s)
  [250/614] P0254  Party & Casual :: none  (std, 73.2s)
  [251/614] P0256  Entertainment (Showcase & Hub) :: none  (p6, 72.5s)
  [252/614] P0253  Party & Casual :: none  (std, 87.4s)
  [253/614] P0259  Entertainment (Showcase & Hub) :: none  (std, 72.5s)
  [254/614] P0260  Entertainment (Showcase & Hub) :: Performance Venue  (std, 76.3s)
  [255/614] P0262  Roleplay & Avatar Sim :: none  (std, 70.0s)
  [256/614] P0264  Strategy :: none  (p6, 64.7s)
  [257/614] P0257  Roleplay & Avatar Sim :: none  (std, 115.7s)
  [258/614] P0261  Entertainment (Showcase & Hub) :: none  (std, 98.9s)
  [259/614] P0263  Survival :: none  (p6, 85.0s)
  [260/614] P0269  Survival :: none  (p6, 72.5s)
  [261/614] P0265  Party & Casual :: none  (p6, 94.7s)
  [262/614] P0268  Survival :: none  (std, 91.9s)
  [263/614] P0273  Survival :: none  (std, 50.6s)
  [264/614] P0266  Survival :: none  (p6, 105.8s)
  [265/614] P0267  Survival :: none  (p6, 104.3s)
  [266/614] P0270  Survival :: none  (p6, 109.1s)
  [267/614] P0271  Survival :: none  (p6, 113.8s)
  [268/614] P0278  Survival :: none  (p6, 58.4s)
  [269/614] P0274  Survival :: none  (p6, 90.8s)
  [270/614] P0272  Survival :: none  (p6, 123.2s)
  [271/614] P0277  Obby & Platformer :: none  (p6, 81.7s)
  [272/614] P0276  Survival :: none  (p6, 102.8s)
  [273/614] P0275  Survival :: 1 vs All  (p6, 107.5s)
  [274/614] P0281  Survival :: none  (p6, 84.3s)
  [275/614] P0282  Simulation :: none  (std, 82.9s)
  [276/614] P0279  Survival :: none  (p6, 105.9s)
  [277/614] P0280  Survival :: none  (p6, 106.0s)
  [278/614] P0290  Action :: none  (std, 55.1s)
  [279/614] P0284  Action :: none  (std, 85.7s)
  [280/614] P0285  Action :: none  (p6, 108.6s)
  [281/614] P0286  Obby & Platformer :: none  (p6, 109.2s)
  [282/614] P0287  Roleplay & Avatar Sim :: none  (std, 116.8s)
  [283/614] P0289  Action :: none  (std, 111.9s)
  [284/614] P0292  Survival :: none  (p6, 94.8s)
  [285/614] P0288  Shooter :: none  (p6, 129.4s)
  [286/614] P0293  Obby & Platformer :: none  (p6, 95.0s)
  [287/614] P0291  Shooter :: none  (std, 119.1s)
  [288/614] P0297  Action :: none  (std, 53.9s)
  [289/614] P0294  Action :: none  (p6, 120.2s)
  [290/614] P0295  Action :: none  (std, 107.7s)
  [291/614] P0296  Action :: none  (std, 107.2s)
  [292/614] P0298  Shooter :: none  (p6, 88.3s)
  [293/614] P0283  Adventure :: none  (p6, 223.9s)
  [294/614] P0299  Survival :: none  (std, 109.5s)
  [295/614] P0300  Action :: none  (p6, 108.4s)
  [296/614] P0301  Action :: none  (p6, 114.3s)
  [297/614] P0307  Survival :: none  (p6, 72.7s)
  [298/614] P0303  Roleplay & Avatar Sim :: none  (std, 105.8s)
  [299/614] P0305  RPG :: none  (p6, 101.0s)
  [300/614] P0302  Action :: none  (std, 114.2s)
  [301/614] P0306  RPG :: none  (std, 104.9s)
  [302/614] P0309  Adventure :: none  (std, 93.4s)
  [303/614] P0308  RPG :: none  (p6, 117.6s)
  [304/614] P0310  RPG :: none  (p6, 109.3s)
  [305/614] P0311  RPG :: none  (std, 106.0s)
  [306/614] P0312  Adventure :: none  (p6, 111.8s)
  [307/614] P0316  RPG :: none  (p6, 95.1s)
  [308/614] P0315  Simulation :: none  (std, 105.9s)
  [309/614] P0317  RPG :: none  (p6, 104.8s)
  [310/614] P0314  RPG :: none  (p6, 115.5s)
  [311/614] P0304  RPG :: none  (p6, 229.6s)
  [312/614] P0318  Simulation :: none  (p6, 104.4s)
  [313/614] P0319  Shooter :: none  (std, 109.3s)
  [314/614] P0320  RPG :: none  (p6, 99.2s)
  [315/614] P0321  RPG :: none  (p6, 107.1s)
  [316/614] P0322  RPG :: none  (p6, 105.3s)
  [317/614] P0325  Roleplay & Avatar Sim :: Pet Care  (std, 86.5s)
  [318/614] P0327  Simulation :: none  (std, 87.7s)
  [319/614] P0323  Roleplay & Avatar Sim :: none  (p6, 108.4s)
  [320/614] P0324  Simulation :: none  (std, 112.4s)
  [321/614] P0328  Simulation :: none  (std, 89.3s)
  [322/614] P0326  RPG :: none  (p6, 114.5s)
  [323/614] P0334  Simulation :: none  (std, 33.8s)
  [324/614] P0335  Sports :: none  (std, 28.7s)
  [325/614] P0313  RPG :: none  (p6, 240.1s)
  [326/614] P0330  Simulation :: none  (std, 103.5s)
  [327/614] P0329  Simulation :: none  (p6, 115.7s)
  [328/614] P0331  Roleplay & Avatar Sim :: none  (std, 103.3s)
  [329/614] P0332  Roleplay & Avatar Sim :: Pet Care  (p6, 97.1s)
  [330/614] P0339  Simulation :: none  (std, 45.4s)
  [331/614] P0340  Shooter :: none  (std, 56.2s)
  [332/614] P0341  Action :: none  (std, 58.6s)
  [333/614] P0342  Shooter :: none  (p6, 57.4s)
  [334/614] P0333  Simulation :: none  (std, 95.5s)
  [335/614] P0346  Shooter :: none  (std, 44.1s)
  [336/614] P0336  Simulation :: none  (p6, 90.2s)
  [337/614] P0347  Shooter :: none  (std, 49.6s)
  [338/614] P0338  Simulation :: none  (std, 108.4s)
  [339/614] P0348  Entertainment (Showcase & Hub) :: none  (std, 58.2s)
  [340/614] P0344  Shooter :: none  (p6, 94.2s)
  [341/614] P0352  Survival :: none  (std, 54.0s)
  [342/614] P0353  Action :: none  (std, 50.7s)
  [343/614] P0345  Shooter :: none  (p6, 105.6s)
  [344/614] P0343  Shooter :: none  (p6, 125.9s)
