  skipped P0569: no-space at uprez
generating 616 blob scenes  (319 isometric-first, 267 plan-first, 30 authored-layout-first), 12 workers
  [1/616] P0004  RPG :: Dungeon Crawler  (p6, 52.2s)
  [2/616] P0011  RPG :: none  (p6, 77.7s)
  [3/616] P0012  Party & Casual :: Minigame  (p6, 89.0s)
  [4/616] P0009  Roleplay & Avatar Sim :: Morph Roleplay  (std, 90.4s)
  [5/616] P0005  RPG :: Action RPG  (p6, 101.0s)
  [6/616] P0008  Simulation :: Stat Grinder  (std, 105.9s)
  [7/616] P0006  RPG :: none  (p6, 113.8s)
  [8/616] P0013  RPG :: Action RPG  (p6, 115.5s)
  [9/616] P0010  Simulation :: Incremental Simulator  (p6, 115.6s)
  [10/616] P0002  RPG :: Action RPG  (p6, 117.3s)
  [11/616] P0003  RPG :: none  (p6, 119.0s)
  [12/616] P0014  Adventure :: Exploration  (std, 88.6s)
  [13/616] P0022  Roleplay & Avatar Sim :: Animal Sim  (std, 50.3s)
  [14/616] P0023  Adventure :: none  (std, 53.2s)
  [15/616] P0018  Shooter :: none  (p6, 78.9s)
  [16/616] P0024  Survival :: none  (p6, 62.4s)
  [17/616] P0020  RPG :: Dungeon Crawler  (p6, 69.0s)
  [18/616] P0015  RPG :: none  (std, 117.6s)
  [19/616] P0017  RPG :: none  (p6, 111.9s)
  [20/616] P0016  RPG :: Action RPG  (p6, 117.6s)
  [21/616] P0025  Entertainment (Showcase & Hub) :: Hub  (std, 75.7s)
  [22/616] P0019  RPG :: none  (p6, 112.5s)
  [23/616] P0007  RPG :: Open World & Survival RPG  (p6, 227.3s)
  [24/616] P0026  Roleplay & Avatar Sim :: Animal Sim  (std, 75.4s)
  [25/616] P0027  Simulation :: Incremental Simulator  (std, 86.3s)
  [26/616] P0033  Roleplay & Avatar Sim :: Animal Sim  (std, 55.0s)
  [27/616] P0029  Roleplay & Avatar Sim :: none  (std, 84.8s)
  [28/616] P0030  Roleplay & Avatar Sim :: Animal Sim  (p6, 90.8s)
  [29/616] P0028  Roleplay & Avatar Sim :: Animal Sim  (std, 98.2s)
  [30/616] P0031  Roleplay & Avatar Sim :: Animal Sim  (p6, 85.6s)
  [31/616] P0032  Roleplay & Avatar Sim :: Animal Sim  (p6, 105.2s)
  [32/616] P0037  Roleplay & Avatar Sim :: Animal Sim  (std, 68.3s)
  [33/616] P0039  Roleplay & Avatar Sim :: none  (std, 51.1s)
  [34/616] P0035  Roleplay & Avatar Sim :: none  (p6, 99.7s)
  [35/616] P0034  Survival :: none  (p6, 104.8s)
  [36/616] P0021  RPG :: Open World & Survival RPG  (p6, 207.2s)
  [37/616] P0040  Adventure :: none  (std, 65.1s)
  [38/616] P0038  RPG :: none  (std, 78.0s)
  [39/616] P0043  Entertainment (Showcase & Hub) :: none  (std, 62.1s)
  [40/616] P0036  Survival :: Resource Survival  (p6, 125.0s)
  [41/616] P0042  Simulation :: Incremental Simulator  (std, 86.0s)
  [42/616] P0049  Action :: none  (std, 53.7s)
  [43/616] P0050  Action :: Boss Raid  (std, 46.8s)
  [44/616] P0041  Adventure :: Exploration  (std, 110.0s)
  [45/616] P0047  Shooter :: Battle Royale  (p6, 70.2s)
  [46/616] P0053  Action :: none  (std, 42.3s)
  [47/616] P0046  Shooter :: none  (std, 90.7s)
  [48/616] P0048  Action :: Platform Fighter  (p6, 85.5s)
  [49/616] P0045  Shooter :: Battle Royale  (p6, 98.9s)
  [50/616] P0051  Shooter :: Battle Royale  (p6, 75.8s)
  [51/616] P0044  Shooter :: none  (std, 116.4s)
  [52/616] P0054  Action :: Fighting  (std, 67.2s)
  [53/616] P0052  Survival :: 1 vs All  (std, 88.6s)
  [54/616] P0057  Action :: Fighting  (std, 57.8s)
  [55/616] P0055  Shooter :: none  (std, 69.4s)
  [56/616] P0060  Action :: Sword Fighting  (std, 49.6s)
  [57/616] P0063  Action :: Boss Raid  (std, 49.5s)
  [58/616] P0058  Simulation :: Physics Sim  (std, 74.6s)
  [59/616] P0064  Action :: Boss Raid  (std, 51.7s)
  [60/616] P0056  Survival :: 1 vs All  (p6, 104.2s)
  [61/616] P0059  Simulation :: Physics Sim  (std, 91.7s)
  [62/616] P0065  Action :: none  (std, 56.5s)
  [63/616] P0062  Action :: Fighting  (std, 106.7s)
  [64/616] P0069  Strategy :: Board & Card Games  (std, 63.4s)
  [65/616] P0068  Strategy :: Board & Card Games  (std, 74.7s)
  [66/616] P0061  Simulation :: Stat Grinder  (p6, 116.0s)
  [67/616] P0071  Strategy :: Board & Card Games  (p6, 68.6s)
  [68/616] P0067  Action :: none  (std, 94.4s)
  [69/616] P0074  Party & Casual :: Childhood Game  (std, 55.3s)
  [70/616] P0066  RPG :: none  (std, 111.8s)
  [71/616] P0070  Strategy :: Board & Card Games  (std, 84.9s)
  [72/616] P0078  Party & Casual :: none  (p6, 39.9s)
  [73/616] P0075  Party & Casual :: Childhood Game  (std, 85.9s)
  [74/616] P0077  Party & Casual :: none  (std, 60.0s)
  [75/616] P0073  Puzzle :: none  (p6, 96.3s)
  [76/616] P0072  Strategy :: none  (p6, 112.3s)
  [77/616] P0076  Party & Casual :: Minigame  (p6, 83.4s)
  [78/616] P0079  Party & Casual :: Childhood Game  (p6, 77.9s)
  [79/616] P0084  Party & Casual :: none  (std, 68.2s)
  [80/616] P0081  Party & Casual :: none  (std, 84.7s)
  [81/616] P0080  Party & Casual :: none  (p6, 91.8s)
  [82/616] P0088  Obby & Platformer :: Classic Obby  (p6, 58.3s)
  [83/616] P0087  Obby & Platformer :: Tower Obby  (p6, 62.2s)
  [84/616] P0085  Party & Casual :: Childhood Game  (p6, 87.1s)
  [85/616] P0089  Obby & Platformer :: Tower Obby  (p6, 62.5s)
  [86/616] P0083  Party & Casual :: none  (std, 108.3s)
  [87/616] P0082  Party & Casual :: Minigame  (std, 113.0s)
  [88/616] P0091  Obby & Platformer :: Classic Obby  (p6, 72.2s)
  [89/616] P0086  Adventure :: Exploration  (std, 116.4s)
  [90/616] P0092  Obby & Platformer :: Classic Obby  (p6, 77.1s)
  [91/616] P0096  Obby & Platformer :: Tower Obby  (p6, 57.0s)
  [92/616] P0090  Obby & Platformer :: Classic Obby  (p6, 99.3s)
  [93/616] P0093  Obby & Platformer :: Classic Obby  (p6, 84.6s)
  [94/616] P0094  Obby & Platformer :: Tower Obby  (p6, 82.2s)
  [95/616] P0095  Obby & Platformer :: none  (p6, 94.7s)
  [96/616] P0099  Obby & Platformer :: Classic Obby  (p6, 83.4s)
  [97/616] P0097  Obby & Platformer :: Classic Obby  (p6, 96.3s)
  [98/616] P0100  Obby & Platformer :: Classic Obby  (p6, 95.4s)
  [99/616] P0102  Obby & Platformer :: Classic Obby  (p6, 65.6s)
  [100/616] P0104  Obby & Platformer :: Tower Obby  (p6, 63.1s)
  [101/616] P0101  Obby & Platformer :: Precision Platformer  (p6, 87.0s)
  [102/616] P0098  Obby & Platformer :: none  (p6, 115.9s)
  [103/616] P0110  Shooter :: Arena Deathmatch  (std, 51.4s)
  [104/616] P0103  Obby & Platformer :: Classic Obby  (p6, 101.1s)
  [105/616] P0105  Obby & Platformer :: Classic Obby  (p6, 103.8s)
  [106/616] P0107  Shooter :: Bomb Defusal  (p6, 108.1s)
  [107/616] P0111  Shooter :: Arena Deathmatch  (p6, 83.4s)
  [108/616] P0109  Shooter :: Team Deathmatch  (p6, 113.2s)
  [109/616] P0113  Shooter :: Team Deathmatch  (std, 78.9s)
  [110/616] P0112  Shooter :: none  (std, 85.1s)
  [111/616] P0114  Shooter :: Arena Deathmatch  (p6, 80.1s)
  [112/616] P0117  Action :: Sword Fighting  (std, 70.1s)
  [113/616] P0115  Shooter :: Team Deathmatch  (p6, 79.2s)
  [114/616] P0116  Shooter :: Team Deathmatch  (p6, 81.6s)
  [115/616] P0122  Action :: none  (std, 52.6s)
  [116/616] P0119  Shooter :: Team Deathmatch  (p6, 81.3s)
  [117/616] P0118  Shooter :: Aim Trainer  (std, 91.3s)
  [118/616] P0125  Shooter :: none  (std, 47.2s)
  [119/616] P0121  Shooter :: none  (p6, 84.4s)
  [120/616] P0128  Roleplay & Avatar Sim :: none  (std, 65.8s)
  [121/616] P0120  Shooter :: Tactical Shooter  (p6, 111.9s)
  [122/616] P0126  Roleplay & Avatar Sim :: Morph Roleplay  (std, 90.0s)
  [123/616] P0129  Roleplay & Avatar Sim :: Morph Roleplay  (p6, 85.3s)
  [124/616] P0124  Shooter :: none  (std, 102.3s)
  [125/616] P0123  Shooter :: Arena Deathmatch  (p6, 114.1s)
  [126/616] P0127  Roleplay & Avatar Sim :: Dress Up  (std, 107.4s)
  [127/616] P0133  Roleplay & Avatar Sim :: none  (std, 78.8s)
  [128/616] P0132  Roleplay & Avatar Sim :: Dress Up  (std, 91.1s)
  [129/616] P0130  Roleplay & Avatar Sim :: Dress Up  (std, 104.8s)
  [130/616] P0131  Roleplay & Avatar Sim :: Dress Up  (std, 106.5s)
  [131/616] P0135  Entertainment (Showcase & Hub) :: Performance Venue  (p6, 79.2s)
  [132/616] P0134  Roleplay & Avatar Sim :: Dress Up  (std, 87.7s)
  [133/616] P0139  Roleplay & Avatar Sim :: Dress Up  (std, 80.0s)
  [134/616] P0142  Roleplay & Avatar Sim :: Dress Up  (std, 60.5s)
  [135/616] P0138  Roleplay & Avatar Sim :: none  (std, 90.7s)
  [136/616] P0143  Roleplay & Avatar Sim :: none  (std, 52.5s)
  [137/616] P0136  Roleplay & Avatar Sim :: Dress Up  (std, 107.0s)
  [138/616] P0140  Roleplay & Avatar Sim :: Morph Roleplay  (std, 88.3s)
  [139/616] P0137  Roleplay & Avatar Sim :: Morph Roleplay  (std, 109.9s)
  [140/616] P0146  Survival :: Disaster Survival  (p6, 53.0s)
  [141/616] P0141  Roleplay & Avatar Sim :: Dress Up  (std, 102.2s)
  [142/616] P0147  Entertainment (Showcase & Hub) :: none  (std, 75.7s)
  [143/616] P0144  Roleplay & Avatar Sim :: Dress Up  (std, 88.7s)
  [144/616] P0149  Survival :: none  (p6, 55.4s)
  [145/616] P0153  Survival :: none  (p6, 50.5s)
  [146/616] P0148  Survival :: Escape  (p6, 61.1s)
  [147/616] P0145  Roleplay & Avatar Sim :: Dress Up  (std, 113.9s)
  [148/616] P0151  Survival :: none  (p6, 76.0s)
  [149/616] P0150  Survival :: none  (p6, 87.4s)
  [150/616] P0152  Survival :: none  (p6, 100.1s)
  [151/616] P0157  Survival :: Escape  (p6, 74.8s)
  [152/616] P0155  Survival :: Escape  (p6, 103.9s)
  [153/616] P0160  Puzzle :: Maze / Labyrinth  (layout, 68.3s)
  [154/616] P0154  Survival :: Resource Survival  (std, 111.7s)
  [155/616] P0156  Survival :: Escape  (p6, 106.6s)
  [156/616] P0164  Survival :: Disaster Survival  (p6, 48.4s)
  [157/616] P0159  Survival :: none  (p6, 88.8s)
  [158/616] P0162  Survival :: none  (p6, 68.9s)
  [159/616] P0158  Survival :: Escape  (p6, 102.1s)
  [160/616] P0161  Puzzle :: Maze / Labyrinth  (layout, 95.6s)
  [161/616] P0163  Infinite Runner :: Chase Runner  (p6, 77.1s)
  [162/616] P0169  Puzzle :: Maze / Labyrinth  (layout, 50.0s)
  [163/616] P0170  Puzzle :: Escape Room  (std, 48.4s)
  [164/616] P0174  Survival :: Escape  (std, 49.6s)
  [165/616] P0167  Puzzle :: Maze / Labyrinth  (layout, 80.1s)
  [166/616] P0175  Puzzle :: Escape Room  (p6, 56.6s)
  [167/616] P0172  Puzzle :: Escape Room  (std, 66.2s)
  [168/616] P0168  Puzzle :: Escape Room  (p6, 86.8s)
  [169/616] P0165  Adventure :: Story  (std, 107.6s)
  [170/616] P0173  Puzzle :: Maze / Labyrinth  (layout, 68.9s)
  [171/616] P0166  Puzzle :: Escape Room  (p6, 102.4s)
  [172/616] P0171  Puzzle :: Escape Room  (p6, 104.5s)
  [173/616] P0176  Obby & Platformer :: Classic Obby  (p6, 88.7s)
  [174/616] P0180  Puzzle :: Escape Room  (std, 56.5s)
  [175/616] P0183  Puzzle :: Escape Room  (p6, 60.9s)
  [176/616] P0178  Puzzle :: none  (p6, 91.0s)
  [177/616] P0185  Puzzle :: Escape Room  (std, 65.9s)
  [178/616] P0181  Puzzle :: Escape Room  (std, 74.5s)
  [179/616] P0177  Obby & Platformer :: Classic Obby  (p6, 109.4s)
  [180/616] P0182  Puzzle :: Escape Room  (p6, 82.8s)
  [181/616] P0184  Obby & Platformer :: Classic Obby  (layout, 85.2s)
  [182/616] P0179  Puzzle :: none  (p6, 107.4s)
  [183/616] P0187  Adventure :: Exploration  (p6, 74.5s)
  [184/616] P0189  Adventure :: Scavenger Hunt  (p6, 59.5s)
  [185/616] P0191  Adventure :: Guided Trail  (p6, 51.7s)
  [186/616] P0186  Adventure :: Exploration  (p6, 116.0s)
  [187/616] P0188  Adventure :: Exploration  (p6, 111.1s)
  [188/616] P0190  Adventure :: Scavenger Hunt  (std, 86.2s)
  [189/616] P0198  Adventure :: Exploration  (std, 49.4s)
  [190/616] P0192  Adventure :: Exploration  (std, 89.3s)
  [191/616] P0193  Adventure :: Guided Trail  (p6, 111.9s)
  [192/616] P0197  Adventure :: none  (p6, 89.0s)
  [193/616] P0194  Adventure :: none  (std, 110.2s)
  [194/616] P0203  Adventure :: Guided Trail  (std, 46.3s)
  [195/616] P0195  Adventure :: Exploration  (std, 112.7s)
  [196/616] P0199  Adventure :: Exploration  (p6, 89.5s)
  [197/616] P0202  Adventure :: none  (p6, 57.0s)
  [198/616] P0196  Adventure :: Exploration  (std, 121.2s)
  [199/616] P0201  Adventure :: Exploration  (p6, 88.4s)
  [200/616] P0200  Adventure :: Exploration  (p6, 105.1s)
  [201/616] P0205  Survival :: Escape  (p6, 79.8s)
  [202/616] P0208  Simulation :: Incremental Simulator  (std, 55.9s)
  [203/616] P0204  Adventure :: Exploration  (std, 98.8s)
  [204/616] P0210  Simulation :: Incremental Simulator  (std, 62.7s)
  [205/616] P0211  Simulation :: none  (std, 70.0s)
  [206/616] P0206  Simulation :: Incremental Simulator  (std, 84.9s)
  [207/616] P0215  Simulation :: Incremental Simulator  (std, 60.8s)
  [208/616] P0212  Simulation :: Incremental Simulator  (std, 90.9s)
  [209/616] P0214  Simulation :: Incremental Simulator  (std, 83.6s)
  [210/616] P0207  Simulation :: Incremental Simulator  (std, 113.9s)
  [211/616] P0209  Simulation :: Incremental Simulator  (std, 114.1s)
  [212/616] P0213  Simulation :: Incremental Simulator  (std, 115.4s)
  [213/616] P0221  Roleplay & Avatar Sim :: Life  (std, 64.0s)
  [214/616] P0217  Roleplay & Avatar Sim :: none  (p6, 102.9s)
  [215/616] P0216  Roleplay & Avatar Sim :: none  (std, 111.2s)
  [216/616] P0219  Roleplay & Avatar Sim :: Life  (std, 101.7s)
  [217/616] P0218  Shooter :: Tactical Shooter  (p6, 108.8s)
  [218/616] P0220  Roleplay & Avatar Sim :: Morph Roleplay  (std, 110.9s)
  [219/616] P0223  Roleplay & Avatar Sim :: Morph Roleplay  (std, 90.4s)
  [220/616] P0226  Roleplay & Avatar Sim :: none  (std, 76.3s)
  [221/616] P0225  Roleplay & Avatar Sim :: Animal Sim  (std, 89.7s)
  [222/616] P0224  Survival :: none  (std, 90.1s)
  [223/616] P0222  Roleplay & Avatar Sim :: Life  (std, 106.7s)
  [224/616] P0227  Roleplay & Avatar Sim :: Home Builder  (std, 103.6s)
  [225/616] P0228  Roleplay & Avatar Sim :: Life  (std, 103.0s)
  [226/616] P0237  Sports :: Target Sport  (std, 46.8s)
  [227/616] P0238  Racing :: Sprint / Drag  (layout, 48.1s)
  [228/616] P0233  Simulation :: Role Sim  (std, 61.2s)
  [229/616] P0230  Roleplay & Avatar Sim :: Life  (p6, 100.8s)
  [230/616] P0229  Roleplay & Avatar Sim :: Home Builder  (std, 105.0s)
  [231/616] P0232  Roleplay & Avatar Sim :: none  (std, 99.7s)
  [232/616] P0231  Roleplay & Avatar Sim :: Life  (std, 108.0s)
  [233/616] P0234  Roleplay & Avatar Sim :: none  (std, 107.2s)
  [234/616] P0240  Entertainment (Showcase & Hub) :: none  (std, 65.0s)
  [235/616] P0243  Party & Casual :: none  (std, 55.6s)
  [236/616] P0239  Party & Casual :: Minigame  (p6, 105.4s)
  [237/616] P0235  Roleplay & Avatar Sim :: Life  (std, 114.4s)
  [238/616] P0245  Party & Casual :: none  (p6, 52.0s)
  [239/616] P0244  Party & Casual :: Minigame  (std, 70.5s)
  [240/616] P0242  Party & Casual :: Childhood Game  (p6, 89.3s)
  [241/616] P0248  Party & Casual :: Minigame  (p6, 61.3s)
  [242/616] P0241  Party & Casual :: Minigame  (p6, 100.3s)
  [243/616] P0252  Party & Casual :: none  (std, 42.4s)
  [244/616] P0250  Entertainment (Showcase & Hub) :: Free-Roam Showcase  (std, 47.0s)
  [245/616] P0247  Party & Casual :: none  (p6, 77.3s)
  [246/616] P0254  Party & Casual :: Minigame  (std, 57.1s)
  [247/616] P0246  Party & Casual :: none  (std, 115.3s)
  [248/616] P0255  Party & Casual :: none  (std, 66.8s)
  [249/616] P0251  Party & Casual :: Minigame  (std, 88.0s)
  [250/616] P0253  Party & Casual :: Minigame  (std, 86.0s)
  [251/616] P0260  Entertainment (Showcase & Hub) :: Performance Venue  (std, 55.6s)
  [252/616] P0257  Roleplay & Avatar Sim :: none  (std, 69.8s)
  [253/616] P0249  Party & Casual :: none  (std, 110.8s)
  [254/616] P0262  Entertainment (Showcase & Hub) :: none  (std, 56.2s)
  [255/616] P0258  Entertainment (Showcase & Hub) :: none  (std, 85.0s)
  [256/616] P0259  Entertainment (Showcase & Hub) :: none  (std, 86.9s)
  [257/616] P0261  Entertainment (Showcase & Hub) :: Performance Venue  (std, 87.3s)
  [258/616] P0256  Roleplay & Avatar Sim :: Dress Up  (std, 104.1s)
  [259/616] P0268  Survival :: none  (std, 58.5s)
  [260/616] P0264  Strategy :: Base Defense  (std, 86.3s)
  [261/616] P0266  Survival :: 1 vs All  (p6, 85.8s)
  [262/616] P0265  Party & Casual :: none  (std, 89.8s)
  [263/616] P0267  Survival :: 1 vs All  (std, 79.8s)
  [264/616] P0273  Survival :: Disaster Survival  (std, 53.8s)
  [265/616] P0269  Survival :: Escape  (p6, 80.9s)
  [266/616] P0263  Survival :: Horde Defense  (std, 113.0s)
  [267/616] P0271  Survival :: Escape  (p6, 96.5s)
  [268/616] P0270  Survival :: 1 vs All  (p6, 101.8s)
  [269/616] P0274  Survival :: 1 vs All  (p6, 92.8s)
  [270/616] P0278  Survival :: none  (std, 63.4s)
  [271/616] P0272  Survival :: Escape  (p6, 111.1s)
  [272/616] P0277  Survival :: 1 vs All  (p6, 87.3s)
  [273/616] P0275  Survival :: 1 vs All  (p6, 105.5s)
  [274/616] P0282  Simulation :: Sandbox  (std, 88.9s)
  [275/616] P0279  Survival :: 1 vs All  (p6, 97.4s)
  [276/616] P0276  Survival :: none  (p6, 108.4s)
  [277/616] P0284  Action :: none  (std, 60.8s)
  [278/616] P0280  Survival :: Escape  (p6, 109.8s)
  [279/616] P0281  Survival :: Horde Defense  (p6, 112.1s)
  [280/616] P0285  Shooter :: none  (std, 90.0s)
  [281/616] P0283  Simulation :: Vehicle Sim  (p6, 96.7s)
  [282/616] P0286  Obby & Platformer :: none  (p6, 80.5s)
  [283/616] P0290  Action :: none  (std, 50.8s)
  [284/616] P0287  Roleplay & Avatar Sim :: Morph Roleplay  (p6, 100.7s)
  [285/616] P0292  Obby & Platformer :: none  (p6, 86.5s)  FAILED
  [286/616] P0289  Entertainment (Showcase & Hub) :: Hub  (std, 100.2s)  FAILED
  [287/616] P0291  Shooter :: Team Deathmatch  (p6, 91.4s)  FAILED
  [288/616] P0293  Obby & Platformer :: none  (p6, 94.5s)  FAILED
  [289/616] P0299  Simulation :: none  (p6, 54.4s)  FAILED
  [290/616] P0288  Shooter :: none  (p6, 122.6s)  FAILED
  [291/616] P0294  Action :: Open World Action  (std, 91.8s)  FAILED
  [292/616] P0303  Roleplay & Avatar Sim :: Life  (std, 23.2s)  FAILED
  [293/616] P0295  Action :: none  (std, 94.2s)  FAILED
  [294/616] P0300  Action :: none  (p6, 56.7s)  FAILED
  [295/616] P0298  Shooter :: Team Deathmatch  (p6, 84.0s)  FAILED
  [296/616] P0296  Simulation :: Physics Sim  (std, 94.7s)  FAILED
  [297/616] P0297  Action :: none  (std, 94.9s)  FAILED
  [298/616] P0302  Entertainment (Showcase & Hub) :: Free-Roam Showcase  (std, 48.1s)  FAILED
  [299/616] P0301  Action :: Open World Action  (std, 51.7s)  FAILED
