  skipped P0569: no-space at uprez
  skipped P0616: error at decouple
  skipped P0619: error at blob
generating 614 blob scenes  (265 isometric-first, 320 plan-first, 29 authored-layout-first), 12 workers
  [1/614] P0004  RPG :: none  (p6, 59.0s)
  [2/614] P0005  RPG :: none  (std, 87.5s)
  [3/614] P0002  RPG :: none  (p6, 104.0s)
  [4/614] P0009  Roleplay & Avatar Sim :: none  (std, 108.0s)
  [5/614] P0011  RPG :: none  (p6, 108.8s)
  [6/614] P0010  Simulation :: none  (p6, 112.0s)
  [7/614] P0007  RPG :: none  (p6, 114.4s)
  [8/614] P0012  Party & Casual :: none  (std, 114.5s)
  [9/614] P0008  Simulation :: none  (std, 118.1s)
  [10/614] P0006  RPG :: none  (p6, 119.3s)
  [11/614] P0013  RPG :: none  (p6, 124.8s)
  [12/614] P0014  RPG :: none  (std, 82.5s)
  [13/614] P0022  Roleplay & Avatar Sim :: none  (p6, 41.2s)
  [14/614] P0023  Adventure :: none  (std, 69.3s)
  [15/614] P0020  RPG :: none  (p6, 75.7s)
  [16/614] P0018  Shooter :: none  (p6, 86.3s)
  [17/614] P0015  RPG :: none  (p6, 109.1s)
  [18/614] P0024  Survival :: none  (std, 76.1s)
  [19/614] P0017  RPG :: none  (p6, 108.0s)
  [20/614] P0021  RPG :: none  (p6, 103.3s)
  [21/614] P0016  RPG :: none  (p6, 114.3s)
  [22/614] P0003  RPG :: none  (p6, 227.8s)
  [23/614] P0019  RPG :: none  (p6, 122.9s)
  [24/614] P0026  Roleplay & Avatar Sim :: none  (std, 87.3s)
  [25/614] P0025  Entertainment (Showcase & Hub) :: none  (std, 107.7s)
  [26/614] P0029  Roleplay & Avatar Sim :: none  (std, 55.8s)
  [27/614] P0031  Roleplay & Avatar Sim :: none  (std, 63.2s)
  [28/614] P0027  Simulation :: none  (p6, 88.1s)
  [29/614] P0033  Roleplay & Avatar Sim :: none  (std, 61.9s)
  [30/614] P0028  Roleplay & Avatar Sim :: none  (std, 100.0s)
  [31/614] P0030  Roleplay & Avatar Sim :: none  (std, 113.4s)
  [32/614] P0032  Roleplay & Avatar Sim :: none  (std, 107.0s)
  [33/614] P0037  Roleplay & Avatar Sim :: none  (std, 79.9s)
  [34/614] P0039  Roleplay & Avatar Sim :: none  (std, 75.8s)
  [35/614] P0034  Survival :: none  (p6, 108.8s)
  [36/614] P0035  Roleplay & Avatar Sim :: none  (p6, 109.2s)
  [37/614] P0041  Adventure :: none  (std, 65.9s)
  [38/614] P0036  Survival :: none  (p6, 117.7s)
  [39/614] P0038  RPG :: none  (std, 105.8s)
  [40/614] P0043  Entertainment (Showcase & Hub) :: none  (std, 65.7s)
  [41/614] P0040  Adventure :: none  (p6, 92.1s)
  [42/614] P0044  Shooter :: none  (std, 61.0s)
  [43/614] P0042  Simulation :: none  (std, 94.1s)
  [44/614] P0048  Action :: none  (std, 51.1s)
  [45/614] P0049  Action :: none  (std, 41.8s)
  [46/614] P0050  Action :: none  (std, 43.8s)
  [47/614] P0046  Shooter :: none  (p6, 76.3s)
  [48/614] P0047  Shooter :: none  (std, 80.9s)
  [49/614] P0054  Action :: none  (std, 55.5s)
  [50/614] P0053  Simulation :: none  (std, 58.6s)
  [51/614] P0045  Shooter :: Battle Royale  (p6, 105.4s)
  [52/614] P0052  Survival :: none  (p6, 80.9s)
  [53/614] P0051  Action :: none  (p6, 84.5s)
  [54/614] P0058  Simulation :: none  (std, 69.4s)
  [55/614] P0060  Action :: none  (std, 49.2s)
  [56/614] P0055  Shooter :: none  (std, 81.8s)
  [57/614] P0057  Action :: none  (std, 76.8s)
  [58/614] P0059  Action :: none  (std, 79.0s)
  [59/614] P0064  Action :: none  (std, 44.7s)
  [60/614] P0063  Action :: none  (std, 63.7s)
  [61/614] P0056  Action :: none  (p6, 109.7s)
  [62/614] P0065  Action :: none  (std, 53.8s)
  [63/614] P0068  Strategy :: none  (p6, 54.2s)
  [64/614] P0062  Action :: none  (p6, 95.5s)
  [65/614] P0069  Strategy :: none  (std, 54.6s)
  [66/614] P0061  Simulation :: none  (p6, 113.3s)
  [67/614] P0071  Strategy :: none  (std, 61.6s)
  [68/614] P0070  Strategy :: none  (std, 77.1s)
  [69/614] P0074  Party & Casual :: none  (std, 50.5s)
  [70/614] P0066  Simulation :: none  (std, 116.2s)
  [71/614] P0067  Action :: none  (std, 113.2s)
  [72/614] P0077  Party & Casual :: none  (std, 56.3s)
  [73/614] P0073  Puzzle :: none  (p6, 86.0s)
  [74/614] P0078  Party & Casual :: none  (p6, 61.9s)
  [75/614] P0075  Party & Casual :: none  (p6, 86.1s)
  [76/614] P0072  Strategy :: none  (p6, 109.4s)
  [77/614] P0076  Party & Casual :: none  (std, 82.0s)
  [78/614] P0079  Party & Casual :: none  (p6, 85.3s)
  [79/614] P0080  Party & Casual :: none  (p6, 97.4s)
  [80/614] P0082  Party & Casual :: none  (std, 92.6s)
  [81/614] P0081  Party & Casual :: none  (p6, 96.6s)
  [82/614] P0087  Obby & Platformer :: none  (p6, 60.7s)
  [83/614] P0089  Obby & Platformer :: none  (p6, 60.0s)
  [84/614] P0084  Party & Casual :: none  (p6, 82.5s)
  [85/614] P0083  Party & Casual :: none  (std, 94.9s)
  [86/614] P0088  Obby & Platformer :: none  (p6, 77.3s)
  [87/614] P0091  Obby & Platformer :: none  (p6, 60.7s)
  [88/614] P0085  Party & Casual :: none  (std, 103.9s)
  [89/614] P0086  Adventure :: none  (p6, 115.5s)
  [90/614] P0096  Obby & Platformer :: none  (p6, 57.5s)
  [91/614] P0090  Obby & Platformer :: none  (p6, 120.0s)
  [92/614] P0092  Obby & Platformer :: none  (p6, 85.3s)
  [93/614] P0093  Obby & Platformer :: none  (p6, 86.4s)
  [94/614] P0094  Obby & Platformer :: none  (p6, 90.2s)
  [95/614] P0095  Obby & Platformer :: none  (p6, 94.9s)
  [96/614] P0099  Obby & Platformer :: none  (p6, 82.3s)
  [97/614] P0097  Obby & Platformer :: none  (p6, 98.5s)
  [98/614] P0101  Simulation :: none  (p6, 91.1s)
  [99/614] P0100  Obby & Platformer :: none  (p6, 94.9s)
  [100/614] P0098  Obby & Platformer :: none  (p6, 116.6s)
  [101/614] P0104  Obby & Platformer :: none  (p6, 61.1s)
  [102/614] P0102  Obby & Platformer :: none  (p6, 102.0s)
  [103/614] P0103  Obby & Platformer :: none  (p6, 87.6s)
  [104/614] P0110  Shooter :: none  (p6, 64.0s)
  [105/614] P0105  Obby & Platformer :: none  (p6, 81.2s)
  [106/614] P0107  Shooter :: Bomb Defusal  (p6, 80.1s)
  [107/614] P0112  Shooter :: none  (p6, 58.6s)
  [108/614] P0109  Shooter :: none  (std, 94.8s)
  [109/614] P0115  Shooter :: none  (p6, 70.1s)
  [110/614] P0113  Shooter :: none  (p6, 80.4s)
  [111/614] P0111  Shooter :: none  (p6, 108.2s)
  [112/614] P0119  Shooter :: none  (p6, 59.3s)
  [113/614] P0114  Shooter :: none  (p6, 86.7s)
  [114/614] P0117  Action :: none  (std, 74.9s)
  [115/614] P0116  Shooter :: none  (p6, 87.5s)
  [116/614] P0118  Shooter :: none  (std, 83.1s)
  [117/614] P0122  Action :: none  (std, 79.0s)
  [118/614] P0120  Shooter :: none  (p6, 95.4s)
  [119/614] P0121  Shooter :: none  (std, 102.6s)
  [120/614] P0128  Party & Casual :: none  (std, 60.2s)
  [121/614] P0125  Shooter :: none  (std, 75.8s)
  [122/614] P0123  Shooter :: none  (p6, 104.4s)
  [123/614] P0126  Roleplay & Avatar Sim :: none  (std, 85.9s)
  [124/614] P0129  Roleplay & Avatar Sim :: none  (p6, 75.6s)
  [125/614] P0131  Roleplay & Avatar Sim :: none  (std, 62.1s)
  [126/614] P0124  Shooter :: none  (p6, 101.5s)
  [127/614] P0127  Roleplay & Avatar Sim :: none  (std, 92.3s)
  [128/614] P0132  Roleplay & Avatar Sim :: none  (std, 108.6s)
  [129/614] P0142  Roleplay & Avatar Sim :: Dress Up  (std, 49.1s)
  [130/614] P0134  Roleplay & Avatar Sim :: none  (std, 96.2s)
  [131/614] P0135  Entertainment (Showcase & Hub) :: none  (std, 85.9s)
  [132/614] P0133  Roleplay & Avatar Sim :: none  (std, 110.3s)
  [133/614] P0136  Roleplay & Avatar Sim :: none  (std, 86.0s)
  [134/614] P0130  Roleplay & Avatar Sim :: none  (std, 144.4s)
  [135/614] P0137  Roleplay & Avatar Sim :: none  (p6, 103.9s)
  [136/614] P0139  Roleplay & Avatar Sim :: Dress Up  (std, 93.1s)
  [137/614] P0141  Roleplay & Avatar Sim :: none  (std, 104.6s)
  [138/614] P0138  Roleplay & Avatar Sim :: none  (std, 112.6s)
  [139/614] P0146  Survival :: none  (p6, 47.4s)
  [140/614] P0140  Roleplay & Avatar Sim :: none  (std, 125.3s)
  [141/614] P0148  Survival :: none  (p6, 62.6s)
  [142/614] P0147  Entertainment (Showcase & Hub) :: none  (p6, 67.9s)
  [143/614] P0143  Roleplay & Avatar Sim :: none  (std, 83.2s)
  [144/614] P0149  Survival :: none  (p6, 79.4s)
  [145/614] P0144  Roleplay & Avatar Sim :: none  (std, 108.2s)
  [146/614] P0151  Survival :: none  (p6, 75.5s)
  [147/614] P0145  Roleplay & Avatar Sim :: none  (std, 111.2s)
  [148/614] P0154  Survival :: none  (p6, 77.5s)
  [149/614] P0153  Survival :: none  (p6, 81.3s)
  [150/614] P0150  Survival :: none  (p6, 106.7s)
  [151/614] P0152  Survival :: none  (p6, 93.2s)
  [152/614] P0155  Survival :: none  (p6, 80.1s)
  [153/614] P0157  Survival :: none  (p6, 82.2s)
  [154/614] P0158  Survival :: none  (p6, 81.0s)
  [155/614] P0156  Survival :: none  (p6, 104.6s)
  [156/614] P0160  Puzzle :: none  (layout, 72.2s)
  [157/614] P0164  Survival :: Disaster Survival  (p6, 53.1s)
  [158/614] P0162  Survival :: none  (p6, 73.7s)
  [159/614] P0163  Infinite Runner :: none  (p6, 62.7s)
  [160/614] P0161  Party & Casual :: none  (p6, 87.8s)
  [161/614] P0159  Survival :: none  (p6, 108.0s)
  [162/614] P0169  Puzzle :: none  (layout, 50.3s)
  [163/614] P0167  Puzzle :: none  (layout, 71.9s)
  [164/614] P0170  Puzzle :: none  (p6, 54.4s)
  [165/614] P0165  Adventure :: none  (p6, 104.1s)
  [166/614] P0166  Puzzle :: none  (p6, 102.8s)
  [167/614] P0175  Puzzle :: none  (p6, 54.5s)
  [168/614] P0168  Puzzle :: none  (p6, 104.9s)
  [169/614] P0173  Puzzle :: none  (layout, 75.1s)
  [170/614] P0171  Puzzle :: none  (p6, 84.9s)
  [171/614] P0174  Survival :: none  (p6, 73.0s)
  [172/614] P0172  Puzzle :: none  (p6, 84.6s)
  [173/614] P0176  Obby & Platformer :: none  (p6, 72.3s)
  [174/614] P0180  Puzzle :: none  (std, 61.5s)
  [175/614] P0181  Puzzle :: none  (p6, 66.6s)
  [176/614] P0178  Puzzle :: none  (std, 96.5s)
  [177/614] P0183  Puzzle :: none  (p6, 57.4s)
  [178/614] P0177  Obby & Platformer :: none  (p6, 113.1s)
  [179/614] P0179  Puzzle :: none  (p6, 94.3s)
  [180/614] P0187  Adventure :: none  (std, 59.3s)
  [181/614] P0182  Puzzle :: none  (p6, 78.3s)
  [182/614] P0184  Obby & Platformer :: none  (layout, 78.2s)
  [183/614] P0185  Puzzle :: none  (p6, 81.3s)
  [184/614] P0188  Adventure :: none  (std, 99.2s)
  [185/614] P0191  Adventure :: none  (p6, 55.5s)
  [186/614] P0186  Adventure :: none  (p6, 117.4s)
  [187/614] P0189  Adventure :: none  (p6, 87.9s)
  [188/614] P0190  Adventure :: none  (p6, 84.8s)
  [189/614] P0198  Entertainment (Showcase & Hub) :: none  (std, 53.5s)
  [190/614] P0192  Adventure :: none  (std, 85.1s)
  [191/614] P0194  Adventure :: none  (std, 84.4s)
  [192/614] P0195  Adventure :: none  (std, 89.2s)
  [193/614] P0197  Adventure :: none  (p6, 85.8s)
  [194/614] P0203  Adventure :: none  (std, 41.3s)
  [195/614] P0196  Adventure :: none  (p6, 110.2s)
  [196/614] P0202  Adventure :: none  (p6, 53.1s)
  [197/614] P0193  Adventure :: none  (p6, 121.1s)
  [198/614] P0199  Adventure :: none  (p6, 81.1s)
